138/1412 videos failed to download.
  38 videos with error "[ID] is a private video":
    -O7UL4yJs0o
    -jxVhD4RSNc
    04jZu3AZzFo
    0WnSIxaiPIg
    1DuDe5GQiJQ
    7l1PM8q9dSI
    81-GK4ZTyMI
    An4kjNqbwfE
    CVcFYj1fkzU
    CnpGhUTpmX0
    DOpscCKVKZQ
    FaAKSTx8E7c
    G7EmmT0GufQ
    GMPoIpzDXl8
    Ifivsc8aK3o
    K-iy1SR2g-Q
    OXxcLxvdHBc
    P57aWIsTc_c
    T8b3Ppb1jrw
    TTRV7rTZFv8
    Va6sIpGKQWw
    WMQQUsNvqPE
    YHGD308Ksh0
    YhZLNRHJxEw
    _4yVQ5hSz1c
    dK0CaVA-dfs
    dYrk4qaTv3A
    e5GTT8g-N9U
    hxRK0-pWSO4
    ifYuUbjsvNU
    jEAvjBi7gqk
    k2YNQRov7b0
    nG4gDnXwcwU
    pTDeKnApLGA
    qgfG2DUEe7o
    r0q5-Uy1lI8
    xC4VpD2FX_8
    yUlBzLFGP3Y
  84 videos with error "[ID] is unavailable":
    -Y3MAigvOco
    -aE7Cy-AI78
    19gxqQ45JP8
    1gdJ_ieFNZU
    1jwvdA-PFLI
    2-ynq89knAQ
    2nb-w6juD5c
    3w1XWTmYP_c
    4X4Vo0kn_y4
    5ShWeuc9YEA
    5__1PwHRpAM
    64Vu-Vn8Hyk
    6jDFjB9_tcs
    7V7XQl4RjJg
    BLVFoLDBReU
    CQEAOMLpcHU
    E-OLsFLG_D0
    EGzGVPY_PA0
    G1sXJqPlphE
    HYJbs_f4n-A
    JAt9Xz-QOGs
    JqvoaItWKl8
    KIlXNWeCiqE
    KtlWyBlAypE
    LGFcrz0WC28
    Ll63IzYVfOY
    LvccqWHJKQs
    M4JIBNn9FMA
    MqfY0WqThYQ
    Ns0sWp5tYWo
    Nwel6QF3Cxs
    P7z3ylDKFeY
    PH5SE_Q7p5o
    PqVrh4hM7wg
    QaRgQ0vu8MQ
    RAFDivdruEM
    SC1ppuamF0Q
    TMxBGcTyZQI
    UA2ZJoRr2-0
    UOwN1AMni3E
    V0qvpfLHlYQ
    V_1cchOYMFw
    X_66SqLWwpk
    YHg-sh1t1rY
    ZXvUxddAlc8
    Z_H_cQM2YRA
    ZzoZQ6mZ_z4
    aXw6ZSPtw2I
    b9uJxI9gh1E
    bh0I-YA6aWY
    bsVtuOhwH7M
    buKA9bRJ9dE
    dNniHrlv7f4
    dPEIMdQ2t3U
    et4L4UB8W9U
    hDbd2kKQJ6s
    hZqorDMaLlw
    huGjxGhj2NA
    iXKRjY-CJx4
    jKUjxhGLSfQ
    ky_XpZV6ssU
    lh2sqfwacok
    m-CHkLGmuc0
    mmOjxy_53LU
    mmpO249Evo0
    mou_i_SRC9k
    mw2__FRYHo8
    nlbLIpni9kc
    p0Kad9yulLw
    p4uAvfYDm6U
    synRbMjpAzU
    tAB_U-DBajI
    tMoV53Pzras
    uiAYxR8cbRI
    vAQtsnWI8jU
    vDyDnRgu89U
    vgm4sxGdX-M
    xnwy_hufwiE
    y3l3r9WDgiQ
    yysNXF6B5ZM
    zLg3cnNY4mg
    zQOI8pwTZsc
    zb4ee7d36Cg
    zkhdN8cEK7E
  11 videos with error "[ID] is not available in your region":
    -xpPkkpmlzM
    303vmqUNC_U
    3U9FpgBP2kY
    M7ac2OUy6Ss
    MWOuN6d29zg
    QOa3YfnK6oM
    UQysZbl-cFU
    i8CechKEFp8
    ka_K1JnD_aI
    maPnf24iBTE
    ouJ1ET2xYyk
  5 videos with error "[ID] has an unknown error, check logs for more info":
    1HWdMttzGPE
    RtNf3xC8bbU
    jGHEjXm-08o
    jg7M_QuN5P0
    usS09KGPLfw
